ERROR|COMPILE_TIME_ERROR|UNDEFINED_METHOD|C:\\flutterProject\\salery_calculator\\lib\\utils\\report_generator.dart|36|39|17|The method 'notoSansKrRegular' isn't defined for the type 'PdfGoogleFonts'.
ERROR|COMPILE_TIME_ERROR|UNDEFINED_METHOD|C:\\flutterProject\\salery_calculator\\lib\\utils\\report_generator.dart|43|39|14|The method 'notoSansKrBold' isn't defined for the type 'PdfGoogleFonts'.
ERROR|COMPILE_TIME_ERROR|UNDEFINED_GETTER|C:\\flutterProject\\salery_calculator\\lib\\utils\\report_generator.dart|73|25|7|The getter 'basePay' isn't defined for the type 'ShiftEntry'.
ERROR|COMPILE_TIME_ERROR|UNDEFINED_GETTER|C:\\flutterProject\\salery_calculator\\lib\\utils\\report_generator.dart|74|29|11|The getter 'overtimePay' isn't defined for the type 'ShiftEntry'.
ERROR|COMPILE_TIME_ERROR|UNDEFINED_GETTER|C:\\flutterProject\\salery_calculator\\lib\\utils\\report_generator.dart|75|26|8|The getter 'nightPay' isn't defined for the type 'ShiftEntry'.
ERROR|COMPILE_TIME_ERROR|UNDEFINED_GETTER|C:\\flutterProject\\salery_calculator\\lib\\utils\\report_generator.dart|76|28|10|The getter 'holidayPay' isn't defined for the type 'ShiftEntry'.
ERROR|COMPILE_TIME_ERROR|FOR_IN_OF_INVALID_TYPE|C:\\flutterProject\\salery_calculator\\lib\\utils\\report_generator.dart|91|25|15|The type 'Map<String, dynamic>' used in the 'for' loop must implement 'Iterable'.
WARNING|STATIC_WARNING|UNUSED_ELEMENT|C:\\flutterProject\\salery_calculator\\lib\\utils\\report_generator.dart|13|26|14|The declaration '_getKoreanFont' isn't referenced.
INFO|HINT|DEPRECATED_MEMBER_USE|C:\\flutterProject\\salery_calculator\\lib\\screens\\statistics_page.dart|62|23|5|'Share' is deprecated and shouldn't be used. Use SharePlus instead.
INFO|HINT|DEPRECATED_MEMBER_USE|C:\\flutterProject\\salery_calculator\\lib\\screens\\statistics_page.dart|62|29|11|'shareXFiles' is deprecated and shouldn't be used. Use SharePlus.instance.share() instead.
INFO|LINT|USE_BUILD_CONTEXT_SYNCHRONOUSLY|C:\\flutterProject\\salery_calculator\\lib\\screens\\statistics_page.dart|65|38|7|Don't use 'BuildContext's across async gaps.
INFO|HINT|UNNECESSARY_IMPORT|C:\\flutterProject\\salery_calculator\\lib\\utils\\report_generator.dart|1|8|17|The import of 'dart:typed_data' is unnecessary because all of the used elements are also provided by the import of 'package:flutter/services.dart'.
