00:00 +0: loading C:/flutterProject/salery_calculator/test/shift_calculator_test.dart
00:00 +0: ShiftCalculator Tests 1. ?쇰컲 洹쇰Т (8?쒓컙 ?대궡, ?됱씪, 二쇨컙)
00:00 +1: ShiftCalculator Tests 2. 8?쒓컙 珥덇낵 (?곗옣洹쇰Т)
00:00 +2: ShiftCalculator Tests 3. ?쇨컙 洹쇰Т
00:00 +3: ShiftCalculator Tests 4. ?댁씪 洹쇰Т (8?쒓컙 ?대궡)
00:00 +4: ShiftCalculator Tests 5. ?쇨컙 + ?곗옣 (8?쒓컙 珥덇낵?대㈃???쇨컙)
00:00 +5: ShiftCalculator Tests 6. ?댁씪 + ?쇨컙 (8?쒓컙 珥덇낵 ?ы븿)
00:00 +6: ShiftCalculator Tests 7. ?닿쾶?쒓컙 ?ы븿
00:00 +7: ShiftCalculator Tests 8. ?댁씪 洹쇰Т (5???댁긽, 8?쒓컙 ?대궡 - 6?쒓컙)
00:00 +8: ShiftCalculator Tests 9. ?댁씪 洹쇰Т (5???댁긽, 8?쒓컙 珥덇낵 - 10?쒓컙)
00:00 +9: ShiftCalculator Tests 10. ?댁씪 洹쇰Т (5??誘몃쭔 ?ъ뾽??
00:00 +10: ShiftCalculator Tests 11. 二쇨컙/?쇨컙 ?곗옣洹쇰줈 以묐났 諛⑹? (weekly=39, net=4)
00:00 +11: ShiftCalculator Tests 12. 二쇨컙/?쇨컙 ?곗옣洹쇰줈 以묐났 諛⑹? (weekly=38, net=10)
00:00 +12: All tests passed!
